supplement 3*	v=24	order=6	reflections=1	maxdeg=6
supplement 422	v=26	order=8	reflections=0	maxdeg=6
supplement 3x	v=36	order=6	reflections=1	maxdeg=6
supplement 3*2	v=48	order=24	reflections=1	maxdeg=6
*532	v=12	v12CCCCACCACACACAACAAAE
532	v=72	v72CCCCACCCACCACCACCACACCACCACACCACACCACACCACACACACACCAACACCAACACCAACACCAACACACACACCAACACCAACACCAACACCAACACACAACCAAACCAAACCAAACCAAACAACDEDEDEBE
*432	v=6	v6CCCACAAE
432	v=30	v30CCCACCCACCACCACACCACCACACCACACCACACAACACDEACDEACDEAACAAE
*332	v=4	v4CCAE
3*2	v=48	v48CCCCACCACCACCACCACACCACACCACACCACACCACACACCACACACCAACACCAAACCACAACACCAAACACDEACDECADEACDEAAE
332	v=16	v16CCACCCACCACACCABCACABCACABAE
*622	v=8	v8CCCACACCAABE
*522	v=7	v7CCCACACAAE
*422	v=14	v14CCCACCACACAACCACACAACAAE
*322	v=5	v5CCACAE
*222	v=10	v10CCACCCABCACABCAE
2*6	v=14	v14CCCCACCACACACACACAACAAAE
2*5	v=22	v22CCCCACCACACACAACCACACACAACCACACACAACAAAE
2*4	v=10	v10CCCACCACACAACAAE
2*3	v=8	v8CCACCACAACAE
2*2	v=8	v8CCCACACACAAE
622	v=44	v44CCCACCCACCACCACACCACCACACCACACCACACAACACCACACACDEACCACACAACACCACACACAABCACADAEACADEE
522	v=37	v37CCCACCCACCACCACACCACCACACCACACCACACAACACCAACACDEACCAACAACACCAACAABBAAE
422	v=26	v26CCCACCCACCACCACACCACACACACACACAACACAACAACAAACAAE
322	v=12	v12CCCACACCACCACACAABAE
222	v=12	v12CCCACACCACACAACACAAE
*33	v=7	v7CCACCABCAE
*22	v=6	v6CCACACAE
*	v=8	v8CCACACCACAAE
3*	v=24	v24CCCACCACACCACACCACACACCACACACCACACADABCAAEAE
2*	v=10	v10CCACACCACAACCAAE
33	v=22	v22CCCCACCACACCACACACCACACACACACAACAACAAAAE
22	v=7	v7CCACACACAE
1	v=9	v9CCACCACCACAAAE
3x	v=36	v36CCCCACCACCACCACCACACCACACACACCAACACACACCACACAACACCAACAACACCAAAABABAE
2x	v=24	v24CCCCACCACCACACCACACACACCAACACACAACAACAACAAAE
x	v=22	v22CCCACCACACCACACACACACCACAACACAACACAACAAE
types=33 representatives=33 tiles=33 local-targets=33 maxdeg<=6 pass
