v4CCAE (+6,00,-0)
v5CCACAE (+9,00,-0)
v6CCCACAAE (+12,00,-0)
v7CCCACACAAE (+15,00,-0)
v8CCCACACACAAE (+18,00,-0)
v9CCCACCACACAAAE (+21,00,-0)
v10CCCACCACACAACAAE (+24,00,-0)
v12CCCCACCACACACAACAAAE (+30,00,-0)
v7CCACACACAE (+13,00,-2)
v7CCACACCABE (+14,00,-1)
v8CCACCCABCABE (+12,00,-6)
v8CCCACACCAABE (+6,012,-0)
v9CCCACAACCACAAE (+18,00,-3)
v9CCCACACACACAAE (+19,00,-2)
v14CCCCACCACACACACACAACAAAE (+24,012,-0)
v23CCCACACACCAACACACCAACACACCAACACACCAACACAAE (+47,00,-16)
v24CCCACCACCACCACACACACCACACCAAACACACAACACDEAAE (+53,00,-13)
v28CCCACACCACACACACCACACACACACCACACACADECACACACAACACAAE (+58,00,-20)
v107h025ed392ab598a98 (+245,00,-70)
v452hdf751e9c22065e97 (+540,0660,-150)
selected=20 bend_partition=pass camera=(0,35) unit=pass
