*532	order=120	v=12	v12CCCCACCACACACAACAAAE
532	order=60	v=72	v72CCCCACCCACCACCACCACACCACCACACCACACCACACCACACACACACCAACACCAACACCAACACCAACACACACACCAACACCAACACCAACACCAACACACAACCAAACCAAACCAAACCAAACAACDEDEDEBE
*432	order=48	v=6	v6CCCACAAE
432	order=24	v=30	v30CCCACCCACCACCACACCACCACACCACACCACACAACACDEACDEACDEAACAAE
*332	order=24	v=4	v4CCAE
332	order=12	v=16	v16CCACCCACCACACCABCACABCACABAE
*622	order=24	v=8	v8CCCACACCAABE
*522	order=20	v=7	v7CCCACACAAE
*422	order=16	v=14	v14CCCACCACACAACCACACAACAAE
*322	order=12	v=5	v5CCACAE
*222	order=8	v=10	v10CCACCCABCACABCAE
2*6	order=24	v=14	v14CCCCACCACACACACACAACAAAE
2*5	order=20	v=22	v22CCCCACCACACACAACCACACACAACCACACACAACAAAE
2*4	order=16	v=10	v10CCCACCACACAACAAE
2*3	order=12	v=8	v8CCACCACAACAE
2*2	order=8	v=8	v8CCCACACACAAE
2*	order=4	v=16	v16CCCACCACACCACACACAACACAACAAE
622	order=12	v=44	v44CCCACCCACCACCACACCACCACACCACACCACACAACACCACACACDEACCACACAACACCACACACAABCACADAEACADEE
522	order=10	v=37	v37CCCACCCACCACCACACCACCACACCACACCACACAACACCAACACDEACCAACAACACCAACAABBAAE
422	order=8	v=34	v34CCCACCCACCACCCACCACCACCACACCACAACCDECDECACAACDECCACAACDEACADEBBE
322	order=6	v=12	v12CCCACACCACCACACAABAE
222	order=4	v=12	v12CCCACACCACACAACACAAE
22	order=2	v=7	v7CCACACACAE
*55	order=10	v=37	v37CCCACCCACCACCCACCACCACACACACAACCCAACCDECACACACACAACCAACAACAACAADECAAAE
*33	order=6	v=7	v7CCACCABCAE
*22	order=4	v=6	v6CCACACAE
*	order=2	v=8	v8CCACACCACABE
55	order=5	v=47	v47CCCACCCACCACCCACCACCACCACACCACAACCCAACCDECACACACAACCACAACCAACAACACACACAACCAAACCAAACAADEDEE
33	order=3	v=22	v22CCCCACCACACCACACACCACACACACACAACAACAAAAE
1	order=1	v=11	v11CCCACACACCACACAAAE
2x	order=4	v=24	v24CCCCACCACCACACCACACACACCAACACACAACAACAACAAAE
x	order=2	v=22	v22CCCACCACACCACACACACCACAACACAACACAACAAE
types=32 representatives=32 pass
